
> auto-platform@1.0.0 build
> next build

▲ Next.js 16.1.6 (Turbopack)
- Environments: .env.local, .env.production, .env
- Experiments (use with caution):
  · optimizePackageImports

  Creating an optimized production build ...
✓ Compiled successfully in 2.6s
  Running TypeScript ...
Failed to compile.

./app/api/admin/benefits/route.ts:64:25
Type error: 'prisma.user' is of type 'unknown'.

[0m [90m 62 |[39m
 [90m 63 |[39m     [36mconst[39m where [33m=[39m getSegmentWhere(applyTo [33m||[39m [32m'all'[39m)[33m;[39m
[31m[1m>[22m[39m[90m 64 |[39m     [36mconst[39m users [33m=[39m [36mawait[39m prisma[33m.[39muser[33m.[39mfindMany({
 [90m    |[39m                         [31m[1m^[22m[39m
 [90m 65 |[39m       where[33m,[39m
 [90m 66 |[39m       select[33m:[39m {
 [90m 67 |[39m         id[33m:[39m [36mtrue[39m[33m,[39m[0m
Next.js build worker exited with code: 1 and signal: null
