🚀 Starting production deployment...
[1;33mStep 1: Installing dependencies...[0m
npm warn deprecated inflight@1.0.6: This module is not supported, and leaks memory. Do not use it. Check out lru-cache if you want a good and tested way to coalesce async requests by a key value, which is much more comprehensive and powerful.
npm warn deprecated abab@2.0.6: Use your platform's native atob() and btoa() methods instead
npm warn deprecated glob@7.2.3: Old versions of glob are not supported, and contain widely publicized security vulnerabilities, which have been fixed in the current version. Please update. Support for old versions may be purchased (at exorbitant rates) by contacting i@izs.me
npm warn deprecated whatwg-encoding@2.0.0: Use @exodus/bytes instead for a more spec-conformant and faster implementation
npm warn deprecated domexception@4.0.0: Use your platform's native DOMException instead

> clickanunt@1.0.0 postinstall
> prisma generate

Environment variables loaded from .env
Prisma schema loaded from prisma/schema.prisma

✔ Generated Prisma Client (v5.22.0) to ./node_modules/@prisma/client in 112ms

Start by importing your Prisma Client (See: https://pris.ly/d/importing-client)

Tip: Interested in query caching in just a few lines of code? Try Accelerate today! https://pris.ly/tip-3-accelerate


added 981 packages, and audited 982 packages in 14s

193 packages are looking for funding
  run `npm fund` for details

found 0 vulnerabilities
[1;33mStep 2: Running lint checks (max-warnings=0)...[0m

> clickanunt@1.0.0 lint
> eslint . --max-warnings=0

[1;33mStep 3: Running type checks...[0m

> clickanunt@1.0.0 type-check
> tsc --noEmit

[1;33mStep 4: Running tests...[0m

> clickanunt@1.0.0 test
> jest --passWithNoTests

PASS tests/unit/validation.test.ts

Test Suites: 1 skipped, 1 passed, 1 of 2 total
Tests:       30 skipped, 28 passed, 58 total
Snapshots:   0 total
Time:        0.432 s, estimated 1 s
Ran all test suites.
[1;33mStep 5: Building application locally...[0m

> clickanunt@1.0.0 build
> next build

⚠ `experimental.instrumentationHook` is no longer needed, because `instrumentation.js` is available by default. You can remove it from next.config.ts.
⚠ Invalid next.config.ts options detected: 
⚠     Unrecognized key(s) in object: 'instrumentationHook' at "experimental"
⚠ See more info here: https://nextjs.org/docs/messages/invalid-next-config
▲ Next.js 16.1.6 (Turbopack)
- Environments: .env
- Experiments (use with caution):
  ? instrumentationHook (invalid experimental key)
  · optimizePackageImports

⚠ The "middleware" file convention is deprecated. Please use "proxy" instead. Learn more: https://nextjs.org/docs/messages/middleware-to-proxy
  Creating an optimized production build ...
Turbopack build encountered 1 warnings:
./lib/env-validator.ts:81:5
Ecmascript file had an error
[0m [90m 79 |[39m     console[33m.[39merror([32m'\nApplication cannot start without these variables.'[39m)[33m;[39m
 [90m 80 |[39m     console[33m.[39merror([32m'Please check .env.example for reference.'[39m)[33m;[39m
[31m[1m>[22m[39m[90m 81 |[39m     process[33m.[39mexit([35m1[39m)[33m;[39m
 [90m    |[39m     [31m[1m^[22m[39m[31m[1m^[22m[39m[31m[1m^[22m[39m[31m[1m^[22m[39m[31m[1m^[22m[39m[31m[1m^[22m[39m[31m[1m^[22m[39m[31m[1m^[22m[39m[31m[1m^[22m[39m[31m[1m^[22m[39m[31m[1m^[22m[39m[31m[1m^[22m[39m
 [90m 82 |[39m   }
 [90m 83 |[39m
 [90m 84 |[39m   [36mif[39m (result[33m.[39mwarnings[33m.[39mlength [33m>[39m [35m0[39m) {[0m

A Node.js API is used (process.exit at line: 81) which is not supported in the Edge Runtime.
Learn more: https://nextjs.org/docs/api-reference/edge-runtime

Import traces:
  Edge Instrumentation:
    ./lib/env-validator.ts
    ./instrumentation.ts

  Instrumentation:
    ./lib/env-validator.ts
    ./instrumentation.ts


✓ Compiled successfully in 3.2s
  Running TypeScript ...
  Collecting page data using 9 workers ...
  Generating static pages using 9 workers (0/80) ...
  Generating static pages using 9 workers (20/80) 
  Generating static pages using 9 workers (40/80) 
  Generating static pages using 9 workers (60/80) 
✓ Generating static pages using 9 workers (80/80) in 382.8ms
  Finalizing page optimization ...

Route (app)
┌ ○ /
├ ○ /_not-found
├ ○ /about
├ ○ /admin/dashboard
├ ○ /admin/invoices
├ ○ /admin/moderation
├ ○ /admin/promotions
├ ƒ /api/admin/2fa/generate
├ ƒ /api/admin/2fa/verify
├ ƒ /api/admin/audit-logs
├ ƒ /api/admin/benefits
├ ƒ /api/admin/broadcasts
├ ƒ /api/admin/bulk-actions
├ ƒ /api/admin/bulk-users
├ ƒ /api/admin/feature-flags
├ ƒ /api/admin/invoices
├ ƒ /api/admin/invoices/[id]/download
├ ƒ /api/admin/invoices/batch-download
├ ƒ /api/admin/invoices/submit-anaf
├ ƒ /api/admin/metrics/dashboard
├ ƒ /api/admin/moderation/[id]/approve
├ ƒ /api/admin/moderation/[id]/assign
├ ƒ /api/admin/moderation/[id]/reject
├ ƒ /api/admin/moderation/queue
├ ƒ /api/admin/reports
├ ƒ /api/admin/reports/[id]/resolve
├ ƒ /api/admin/users
├ ƒ /api/admin/users/[id]/ban
├ ƒ /api/admin/users/[id]/role
├ ƒ /api/admin/users/[id]/unban
├ ƒ /api/auth/change-password
├ ƒ /api/auth/forgot-password
├ ƒ /api/auth/login
├ ƒ /api/auth/logout
├ ƒ /api/auth/refresh
├ ƒ /api/auth/register
├ ƒ /api/auth/register-extended
├ ƒ /api/auth/reset-password
├ ƒ /api/auth/verify-2fa
├ ƒ /api/auth/verify-email
├ ƒ /api/csrf
├ ƒ /api/health
├ ƒ /api/images
├ ƒ /api/invoices
├ ƒ /api/invoices/[id]
├ ƒ /api/listings
├ ƒ /api/listings/[id]
├ ƒ /api/listings/[id]/promote
├ ƒ /api/listings/draft
├ ƒ /api/messages/[userId]
├ ƒ /api/messages/conversations
├ ƒ /api/moderate
├ ƒ /api/payments
├ ƒ /api/payments/netopia
├ ƒ /api/payments/netopia/ipn
├ ƒ /api/payments/webhook
├ ƒ /api/reports
├ ƒ /api/reports/[id]/resolve
├ ƒ /api/search
├ ○ /api/sitemap.xml
├ ƒ /api/subscriptions
├ ƒ /api/uploads
├ ƒ /api/users
├ ƒ /api/users/[id]
├ ƒ /api/users/[id]/profile
├ ƒ /api/users/me
├ ƒ /api/users/me/billing-data
├ ƒ /api/users/me/verify-business
├ ƒ /api/version
├ ○ /auth/2fa
├ ○ /auth/forgot-password
├ ƒ /auth/login
├ ○ /auth/reset-password
├ ƒ /auth/signup
├ ○ /auth/verify-email
├ ○ /business
├ ○ /contact
├ ○ /dashboard
├ ○ /dashboard/account
├ ○ /dashboard/favorites
├ ○ /dashboard/listings
├ ○ /dashboard/messages
├ ○ /dashboard/settings
├ ○ /favorites
├ ○ /listings
├ ƒ /listings/[id]
├ ƒ /listings/[id]/edit
├ ƒ /listings/[id]/messages
├ ƒ /listings/[id]/promote
├ ƒ /listings/[id]/promote/payment/card
├ ƒ /listings/[id]/promote/payment/paypal
├ ƒ /listings/[id]/promote/payment/transfer
├ ○ /listings/new
├ ○ /messages
├ ○ /privacy
├ ○ /robots.txt
├ ○ /security
├ ○ /sitemap.xml
├ ○ /terms
├ ○ /test-login
├ ○ /ui-demo
├ ƒ /users/[id]/profile
└ ○ /users/new


ƒ Proxy (Middleware)

○  (Static)   prerendered as static content
ƒ  (Dynamic)  server-rendered on demand

[1;33mStep 6: Syncing files to server...[0m
